// Jest Snapshot v1, https://goo.gl/fbAQLP

exports[`OpinionCard component Snapshot should match the OpinionCard component snapshot 1`] = `
<DocumentFragment>
  <div
    class="relative overflow-hidden flex flex-col justify-start items-center gap-y-4 w-full p-6 rounded-2xl bg-white shadow-xl shadow-slate-900/10"
    role="article"
  >
    <figcaption
      class="flex justify-between items-center gap-x-3 w-full"
    >
      <figure
        class="relative overflow-hidden w-14 aspect-square rounded-full object-cover"
      >
        <img
          alt="John Doe photo"
          data-nimg="1"
          decoding="async"
          height="100"
          loading="lazy"
          src="https://example.com/photo.jpg?w=256&h=256&fit=fill"
          srcset="https://example.com/photo.jpg?w=128&h=128&fit=fill 1x, https://example.com/photo.jpg?w=256&h=256&fit=fill 2x"
          style="color: transparent; background-size: cover; background-position: 50% 50%; background-repeat: no-repeat;"
          width="100"
        />
      </figure>
      <div
        class="w-full"
      >
        <h6
          class="heading_6 font-semibold text-gray-900 capitalize leading-none"
        >
          John Doe
        </h6>
        <span
          class="span_sm font-medium text-lime-600 capitalize"
        >
          CEO
        </span>
      </div>
    </figcaption>
    <div
      class="w-full"
    >
      <blockquote
        class="overflow-hidden w-full paragraph_base text-gray-700"
      >
        This is a great product!
      </blockquote>
    </div>
  </div>
</DocumentFragment>
`;
